Error: [31m  Failed to scan for dependencies from entries:
  D:/phpstudy_pro/WWW/videogenerate/src/renderer/index.html

  [39m[31mX [41;31m[[41;97mERROR[41;31m][0m [1mENOENT: no such file or directory, open 'D:\phpstudy_pro\WWW\videogenerate\src\renderer\src\ui\views\CloneTaskListView.vue'[0m [1m[35m[plugin vite:dep-scan][0m

    node_modules/esbuild/lib/main.js:1267:21:
[37m      1267 │         let result = [32m[37mawait callback({
           ╵                      [32m^[0m

    at async open (node:internal/fs/promises:639:25)
    at async Object.readFile (node:internal/fs/promises:1243:14)
    at async htmlTypeOnLoadCallback (file:///D:/phpstudy_pro/WWW/videogenerate/node_modules/vite/dist/node/chunks/dep-D4NMHUTW.js:14390:19)
    at async requestCallbacks.on-load (D:\phpstudy_pro\WWW\videogenerate\node_modules\esbuild\lib\main.js:1267:22)
    at async handleRequest (D:\phpstudy_pro\WWW\videogenerate\node_modules\esbuild\lib\main.js:628:11)

  This error came from the "onLoad" callback registered here:

    node_modules/esbuild/lib/main.js:1141:20:
[37m      1141 │       let promise = [32m[37msetup({
           ╵                     [32m^[0m

    at setup (file:///D:/phpstudy_pro/WWW/videogenerate/node_modules/vite/dist/node/chunks/dep-D4NMHUTW.js:14470:13)
    at handlePlugins (D:\phpstudy_pro\WWW\videogenerate\node_modules\esbuild\lib\main.js:1141:21)
    at buildOrContextImpl (D:\phpstudy_pro\WWW\videogenerate\node_modules\esbuild\lib\main.js:854:5)
    at Object.buildOrContext (D:\phpstudy_pro\WWW\videogenerate\node_modules\esbuild\lib\main.js:680:5)
    at D:\phpstudy_pro\WWW\videogenerate\node_modules\esbuild\lib\main.js:2035:68
    at new Promise (<anonymous>)
    at Object.context (D:\phpstudy_pro\WWW\videogenerate\node_modules\esbuild\lib\main.js:2035:27)
    at Object.context (D:\phpstudy_pro\WWW\videogenerate\node_modules\esbuild\lib\main.js:1877:58)
    at prepareEsbuildScanner (file:///D:/phpstudy_pro/WWW/videogenerate/node_modules/vite/dist/node/chunks/dep-D4NMHUTW.js:14266:24)

  The plugin "vite:dep-scan" was triggered by this import

    src/renderer/src/router/index.ts:23:64:
[37m      23 │ ...e', component: () => import([32m'@/ui/views/CloneTaskListView.vue'[37m) },
         ╵                                [32m~~~~~~~~~~~~~~~~~~~~~~~~~~~~~~~~~~[0m


[31mX [41;31m[[41;97mERROR[41;31m][0m [1mENOENT: no such file or directory, open 'D:\phpstudy_pro\WWW\videogenerate\src\renderer\src\ui\views\ModelLibraryView.vue'[0m [1m[35m[plugin vite:dep-scan][0m

    node_modules/esbuild/lib/main.js:1267:21:
[37m      1267 │         let result = [32m[37mawait callback({
           ╵                      [32m^[0m

    at async open (node:internal/fs/promises:639:25)
    at async Object.readFile (node:internal/fs/promises:1243:14)
    at async htmlTypeOnLoadCallback (file:///D:/phpstudy_pro/WWW/videogenerate/node_modules/vite/dist/node/chunks/dep-D4NMHUTW.js:14390:19)
    at async requestCallbacks.on-load (D:\phpstudy_pro\WWW\videogenerate\node_modules\esbuild\lib\main.js:1267:22)
    at async handleRequest (D:\phpstudy_pro\WWW\videogenerate\node_modules\esbuild\lib\main.js:628:11)

  This error came from the "onLoad" callback registered here:

    node_modules/esbuild/lib/main.js:1141:20:
[37m      1141 │       let promise = [32m[37msetup({
           ╵                     [32m^[0m

    at setup (file:///D:/phpstudy_pro/WWW/videogenerate/node_modules/vite/dist/node/chunks/dep-D4NMHUTW.js:14470:13)
    at handlePlugins (D:\phpstudy_pro\WWW\videogenerate\node_modules\esbuild\lib\main.js:1141:21)
    at buildOrContextImpl (D:\phpstudy_pro\WWW\videogenerate\node_modules\esbuild\lib\main.js:854:5)
    at Object.buildOrContext (D:\phpstudy_pro\WWW\videogenerate\node_modules\esbuild\lib\main.js:680:5)
    at D:\phpstudy_pro\WWW\videogenerate\node_modules\esbuild\lib\main.js:2035:68
    at new Promise (<anonymous>)
    at Object.context (D:\phpstudy_pro\WWW\videogenerate\node_modules\esbuild\lib\main.js:2035:27)
    at Object.context (D:\phpstudy_pro\WWW\videogenerate\node_modules\esbuild\lib\main.js:1877:58)
    at prepareEsbuildScanner (file:///D:/phpstudy_pro/WWW/videogenerate/node_modules/vite/dist/node/chunks/dep-D4NMHUTW.js:14266:24)

  The plugin "vite:dep-scan" was triggered by this import

    src/renderer/src/router/index.ts:22:66:
[37m      22 │ ...ls', component: () => import([32m'@/ui/views/ModelLibraryView.vue'[37m) },
         ╵                                 [32m~~~~~~~~~~~~~~~~~~~~~~~~~~~~~~~~~[0m


    at failureErrorWithLog (D:\phpstudy_pro\WWW\videogenerate\node_modules\esbuild\lib\main.js:1467:15)
    at D:\phpstudy_pro\WWW\videogenerate\node_modules\esbuild\lib\main.js:926:25
    at runOnEndCallbacks (D:\phpstudy_pro\WWW\videogenerate\node_modules\esbuild\lib\main.js:1307:45)
    at buildResponseToResult (D:\phpstudy_pro\WWW\videogenerate\node_modules\esbuild\lib\main.js:924:7)
    at D:\phpstudy_pro\WWW\videogenerate\node_modules\esbuild\lib\main.js:936:9
    at new Promise (<anonymous>)
    at requestCallbacks.on-end (D:\phpstudy_pro\WWW\videogenerate\node_modules\esbuild\lib\main.js:935:54)
    at handleRequest (D:\phpstudy_pro\WWW\videogenerate\node_modules\esbuild\lib\main.js:628:17)
    at handleIncomingPacket (D:\phpstudy_pro\WWW\videogenerate\node_modules\esbuild\lib\main.js:653:7)
    at Socket.readFromStdout (D:\phpstudy_pro\WWW\videogenerate\node_modules\esbuild\lib\main.js:581:7)
[2m09:58:13[22m [31m[1m[vite][22m[39m [31m[2m(client)[22m[39m Pre-transform error: Failed to resolve import "@/ui/views/ModelLibraryView.vue" from "src/renderer/src/router/index.ts". Does the file exist?
  Plugin: [35mvite:import-analysis[39m
  File: [36mD:/phpstudy_pro/WWW/videogenerate/src/renderer/src/router/index.ts[39m:22:66
[33m  19 |          { path: "home", name: "home", component: () => import("@/ui/views/HomeView.vue") },
  20 |          { path: "production", name: "production", redirect: { name: "products" } },
  21 |          { path: "models", name: "models", component: () => import("@/ui/views/ModelLibraryView.vue") },
     |                                                                    ^
  22 |          { path: "clone", name: "clone", component: () => import("@/ui/views/CloneTaskListView.vue") },
  23 |          { path: "clone/:projectId", name: "clone-project", component: () => import("@/ui/views/CloneView.vue") },[39m
[2m09:58:15[22m [31m[1m[vite][22m[39m [31mInternal server error: Failed to resolve import "@/ui/views/ModelLibraryView.vue" from "src/renderer/src/router/index.ts". Does the file exist?[39m
  Plugin: [35mvite:import-analysis[39m
  File: [36mD:/phpstudy_pro/WWW/videogenerate/src/renderer/src/router/index.ts[39m:22:66
[33m  19 |          { path: "home", name: "home", component: () => import("@/ui/views/HomeView.vue") },
  20 |          { path: "production", name: "production", redirect: { name: "products" } },
  21 |          { path: "models", name: "models", component: () => import("@/ui/views/ModelLibraryView.vue") },
     |                                                                    ^
  22 |          { path: "clone", name: "clone", component: () => import("@/ui/views/CloneTaskListView.vue") },
  23 |          { path: "clone/:projectId", name: "clone-project", component: () => import("@/ui/views/CloneView.vue") },[39m
      at TransformPluginContext._formatLog (file:///D:/phpstudy_pro/WWW/videogenerate/node_modules/vite/dist/node/chunks/dep-D4NMHUTW.js:42528:41)
      at TransformPluginContext.error (file:///D:/phpstudy_pro/WWW/videogenerate/node_modules/vite/dist/node/chunks/dep-D4NMHUTW.js:42525:16)
      at normalizeUrl (file:///D:/phpstudy_pro/WWW/videogenerate/node_modules/vite/dist/node/chunks/dep-D4NMHUTW.js:40504:23)
      at process.processTicksAndRejections (node:internal/process/task_queues:105:5)
      at async file:///D:/phpstudy_pro/WWW/videogenerate/node_modules/vite/dist/node/chunks/dep-D4NMHUTW.js:40623:37
      at async Promise.all (index 6)
      at async TransformPluginContext.transform (file:///D:/phpstudy_pro/WWW/videogenerate/node_modules/vite/dist/node/chunks/dep-D4NMHUTW.js:40550:7)
      at async EnvironmentPluginContainer.transform (file:///D:/phpstudy_pro/WWW/videogenerate/node_modules/vite/dist/node/chunks/dep-D4NMHUTW.js:42323:18)
      at async loadAndTransform (file:///D:/phpstudy_pro/WWW/videogenerate/node_modules/vite/dist/node/chunks/dep-D4NMHUTW.js:35739:27)
      at async viteTransformMiddleware (file:///D:/phpstudy_pro/WWW/videogenerate/node_modules/vite/dist/node/chunks/dep-D4NMHUTW.js:37254:24)
[2m09:58:24[22m [31m[1m[vite][22m[39m [31m[2m(client)[22m[39m Pre-transform error: Failed to resolve import "@/ui/views/ModelLibraryView.vue" from "src/renderer/src/router/index.ts". Does the file exist?
  Plugin: [35mvite:import-analysis[39m
  File: [36mD:/phpstudy_pro/WWW/videogenerate/src/renderer/src/router/index.ts[39m:22:66
[33m  19 |          { path: "home", name: "home", component: () => import("@/ui/views/HomeView.vue") },
  20 |          { path: "production", name: "production", redirect: { name: "products" } },
  21 |          { path: "models", name: "models", component: () => import("@/ui/views/ModelLibraryView.vue") },
     |                                                                    ^
  22 |          { path: "clone", name: "clone", component: () => import("@/ui/views/CloneTaskListView.vue") },
  23 |          { path: "clone/:projectId", name: "clone-project", component: () => import("@/ui/views/CloneView.vue") },[39m
[2m09:58:27[22m [31m[1m[vite][22m[39m [31mInternal server error: Failed to resolve import "@/ui/views/ModelLibraryView.vue" from "src/renderer/src/router/index.ts". Does the file exist?[39m
  Plugin: [35mvite:import-analysis[39m
  File: [36mD:/phpstudy_pro/WWW/videogenerate/src/renderer/src/router/index.ts[39m:22:66
[33m  19 |          { path: "home", name: "home", component: () => import("@/ui/views/HomeView.vue") },
  20 |          { path: "production", name: "production", redirect: { name: "products" } },
  21 |          { path: "models", name: "models", component: () => import("@/ui/views/ModelLibraryView.vue") },
     |                                                                    ^
  22 |          { path: "clone", name: "clone", component: () => import("@/ui/views/CloneTaskListView.vue") },
  23 |          { path: "clone/:projectId", name: "clone-project", component: () => import("@/ui/views/CloneView.vue") },[39m
      at TransformPluginContext._formatLog (file:///D:/phpstudy_pro/WWW/videogenerate/node_modules/vite/dist/node/chunks/dep-D4NMHUTW.js:42528:41)
      at TransformPluginContext.error (file:///D:/phpstudy_pro/WWW/videogenerate/node_modules/vite/dist/node/chunks/dep-D4NMHUTW.js:42525:16)
      at normalizeUrl (file:///D:/phpstudy_pro/WWW/videogenerate/node_modules/vite/dist/node/chunks/dep-D4NMHUTW.js:40504:23)
      at process.processTicksAndRejections (node:internal/process/task_queues:105:5)
      at async file:///D:/phpstudy_pro/WWW/videogenerate/node_modules/vite/dist/node/chunks/dep-D4NMHUTW.js:40623:37
      at async Promise.all (index 6)
      at async TransformPluginContext.transform (file:///D:/phpstudy_pro/WWW/videogenerate/node_modules/vite/dist/node/chunks/dep-D4NMHUTW.js:40550:7)
      at async EnvironmentPluginContainer.transform (file:///D:/phpstudy_pro/WWW/videogenerate/node_modules/vite/dist/node/chunks/dep-D4NMHUTW.js:42323:18)
      at async loadAndTransform (file:///D:/phpstudy_pro/WWW/videogenerate/node_modules/vite/dist/node/chunks/dep-D4NMHUTW.js:35739:27)
      at async viteTransformMiddleware (file:///D:/phpstudy_pro/WWW/videogenerate/node_modules/vite/dist/node/chunks/dep-D4NMHUTW.js:37254:24)
[2m09:58:29[22m [31m[1m[vite][22m[39m [31m[2m(client)[22m[39m Pre-transform error: Failed to resolve import "@/ui/views/ModelLibraryView.vue" from "src/renderer/src/router/index.ts". Does the file exist?
  Plugin: [35mvite:import-analysis[39m
  File: [36mD:/phpstudy_pro/WWW/videogenerate/src/renderer/src/router/index.ts[39m:22:66
[33m  19 |          { path: "home", name: "home", component: () => import("@/ui/views/HomeView.vue") },
  20 |          { path: "production", name: "production", redirect: { name: "products" } },
  21 |          { path: "models", name: "models", component: () => import("@/ui/views/ModelLibraryView.vue") },
     |                                                                    ^
  22 |          { path: "clone", name: "clone", component: () => import("@/ui/views/CloneTaskListView.vue") },
  23 |          { path: "clone/:projectId", name: "clone-project", component: () => import("@/ui/views/CloneView.vue") },[39m
[2m09:58:30[22m [31m[1m[vite][22m[39m [31mInternal server error: Failed to resolve import "@/ui/views/ModelLibraryView.vue" from "src/renderer/src/router/index.ts". Does the file exist?[39m
  Plugin: [35mvite:import-analysis[39m
  File: [36mD:/phpstudy_pro/WWW/videogenerate/src/renderer/src/router/index.ts[39m:22:66
[33m  19 |          { path: "home", name: "home", component: () => import("@/ui/views/HomeView.vue") },
  20 |          { path: "production", name: "production", redirect: { name: "products" } },
  21 |          { path: "models", name: "models", component: () => import("@/ui/views/ModelLibraryView.vue") },
     |                                                                    ^
  22 |          { path: "clone", name: "clone", component: () => import("@/ui/views/CloneTaskListView.vue") },
  23 |          { path: "clone/:projectId", name: "clone-project", component: () => import("@/ui/views/CloneView.vue") },[39m
      at TransformPluginContext._formatLog (file:///D:/phpstudy_pro/WWW/videogenerate/node_modules/vite/dist/node/chunks/dep-D4NMHUTW.js:42528:41)
      at TransformPluginContext.error (file:///D:/phpstudy_pro/WWW/videogenerate/node_modules/vite/dist/node/chunks/dep-D4NMHUTW.js:42525:16)
      at normalizeUrl (file:///D:/phpstudy_pro/WWW/videogenerate/node_modules/vite/dist/node/chunks/dep-D4NMHUTW.js:40504:23)
      at process.processTicksAndRejections (node:internal/process/task_queues:105:5)
      at async file:///D:/phpstudy_pro/WWW/videogenerate/node_modules/vite/dist/node/chunks/dep-D4NMHUTW.js:40623:37
      at async Promise.all (index 6)
      at async TransformPluginContext.transform (file:///D:/phpstudy_pro/WWW/videogenerate/node_modules/vite/dist/node/chunks/dep-D4NMHUTW.js:40550:7)
      at async EnvironmentPluginContainer.transform (file:///D:/phpstudy_pro/WWW/videogenerate/node_modules/vite/dist/node/chunks/dep-D4NMHUTW.js:42323:18)
      at async loadAndTransform (file:///D:/phpstudy_pro/WWW/videogenerate/node_modules/vite/dist/node/chunks/dep-D4NMHUTW.js:35739:27)
      at async viteTransformMiddleware (file:///D:/phpstudy_pro/WWW/videogenerate/node_modules/vite/dist/node/chunks/dep-D4NMHUTW.js:37254:24)
[2m09:58:30[22m [31m[1m[vite][22m[39m [31m[2m(client)[22m[39m Pre-transform error: Failed to resolve import "@/ui/views/ModelLibraryView.vue" from "src/renderer/src/router/index.ts". Does the file exist?
  Plugin: [35mvite:import-analysis[39m
  File: [36mD:/phpstudy_pro/WWW/videogenerate/src/renderer/src/router/index.ts[39m:22:66
[33m  19 |          { path: "home", name: "home", component: () => import("@/ui/views/HomeView.vue") },
  20 |          { path: "production", name: "production", redirect: { name: "products" } },
  21 |          { path: "models", name: "models", component: () => import("@/ui/views/ModelLibraryView.vue") },
     |                                                                    ^
  22 |          { path: "clone", name: "clone", component: () => import("@/ui/views/CloneTaskListView.vue") },
  23 |          { path: "clone/:projectId", name: "clone-project", component: () => import("@/ui/views/CloneView.vue") },[39m
[2m09:58:31[22m [31m[1m[vite][22m[39m [31mInternal server error: Failed to resolve import "@/ui/views/ModelLibraryView.vue" from "src/renderer/src/router/index.ts". Does the file exist?[39m
  Plugin: [35mvite:import-analysis[39m
  File: [36mD:/phpstudy_pro/WWW/videogenerate/src/renderer/src/router/index.ts[39m:22:66
[33m  19 |          { path: "home", name: "home", component: () => import("@/ui/views/HomeView.vue") },
  20 |          { path: "production", name: "production", redirect: { name: "products" } },
  21 |          { path: "models", name: "models", component: () => import("@/ui/views/ModelLibraryView.vue") },
     |                                                                    ^
  22 |          { path: "clone", name: "clone", component: () => import("@/ui/views/CloneTaskListView.vue") },
  23 |          { path: "clone/:projectId", name: "clone-project", component: () => import("@/ui/views/CloneView.vue") },[39m
      at TransformPluginContext._formatLog (file:///D:/phpstudy_pro/WWW/videogenerate/node_modules/vite/dist/node/chunks/dep-D4NMHUTW.js:42528:41)
      at TransformPluginContext.error (file:///D:/phpstudy_pro/WWW/videogenerate/node_modules/vite/dist/node/chunks/dep-D4NMHUTW.js:42525:16)
      at normalizeUrl (file:///D:/phpstudy_pro/WWW/videogenerate/node_modules/vite/dist/node/chunks/dep-D4NMHUTW.js:40504:23)
      at process.processTicksAndRejections (node:internal/process/task_queues:105:5)
      at async file:///D:/phpstudy_pro/WWW/videogenerate/node_modules/vite/dist/node/chunks/dep-D4NMHUTW.js:40623:37
      at async Promise.all (index 6)
      at async TransformPluginContext.transform (file:///D:/phpstudy_pro/WWW/videogenerate/node_modules/vite/dist/node/chunks/dep-D4NMHUTW.js:40550:7)
      at async EnvironmentPluginContainer.transform (file:///D:/phpstudy_pro/WWW/videogenerate/node_modules/vite/dist/node/chunks/dep-D4NMHUTW.js:42323:18)
      at async loadAndTransform (file:///D:/phpstudy_pro/WWW/videogenerate/node_modules/vite/dist/node/chunks/dep-D4NMHUTW.js:35739:27)
      at async viteTransformMiddleware (file:///D:/phpstudy_pro/WWW/videogenerate/node_modules/vite/dist/node/chunks/dep-D4NMHUTW.js:37254:24)
[2m09:58:33[22m [31m[1m[vite][22m[39m [31m[2m(client)[22m[39m Pre-transform error: Failed to resolve import "@/ui/views/ModelLibraryView.vue" from "src/renderer/src/router/index.ts". Does the file exist?
  Plugin: [35mvite:import-analysis[39m
  File: [36mD:/phpstudy_pro/WWW/videogenerate/src/renderer/src/router/index.ts[39m:22:66
[33m  19 |          { path: "home", name: "home", component: () => import("@/ui/views/HomeView.vue") },
  20 |          { path: "production", name: "production", redirect: { name: "products" } },
  21 |          { path: "models", name: "models", component: () => import("@/ui/views/ModelLibraryView.vue") },
     |                                                                    ^
  22 |          { path: "clone", name: "clone", component: () => import("@/ui/views/CloneTaskListView.vue") },
  23 |          { path: "clone/:projectId", name: "clone-project", component: () => import("@/ui/views/CloneView.vue") },[39m
[2m09:58:33[22m [31m[1m[vite][22m[39m [31mInternal server error: Failed to resolve import "@/ui/views/ModelLibraryView.vue" from "src/renderer/src/router/index.ts". Does the file exist?[39m
  Plugin: [35mvite:import-analysis[39m
  File: [36mD:/phpstudy_pro/WWW/videogenerate/src/renderer/src/router/index.ts[39m:22:66
[33m  19 |          { path: "home", name: "home", component: () => import("@/ui/views/HomeView.vue") },
  20 |          { path: "production", name: "production", redirect: { name: "products" } },
  21 |          { path: "models", name: "models", component: () => import("@/ui/views/ModelLibraryView.vue") },
     |                                                                    ^
  22 |          { path: "clone", name: "clone", component: () => import("@/ui/views/CloneTaskListView.vue") },
  23 |          { path: "clone/:projectId", name: "clone-project", component: () => import("@/ui/views/CloneView.vue") },[39m
      at TransformPluginContext._formatLog (file:///D:/phpstudy_pro/WWW/videogenerate/node_modules/vite/dist/node/chunks/dep-D4NMHUTW.js:42528:41)
      at TransformPluginContext.error (file:///D:/phpstudy_pro/WWW/videogenerate/node_modules/vite/dist/node/chunks/dep-D4NMHUTW.js:42525:16)
      at normalizeUrl (file:///D:/phpstudy_pro/WWW/videogenerate/node_modules/vite/dist/node/chunks/dep-D4NMHUTW.js:40504:23)
      at process.processTicksAndRejections (node:internal/process/task_queues:105:5)
      at async file:///D:/phpstudy_pro/WWW/videogenerate/node_modules/vite/dist/node/chunks/dep-D4NMHUTW.js:40623:37
      at async Promise.all (index 6)
      at async TransformPluginContext.transform (file:///D:/phpstudy_pro/WWW/videogenerate/node_modules/vite/dist/node/chunks/dep-D4NMHUTW.js:40550:7)
      at async EnvironmentPluginContainer.transform (file:///D:/phpstudy_pro/WWW/videogenerate/node_modules/vite/dist/node/chunks/dep-D4NMHUTW.js:42323:18)
      at async loadAndTransform (file:///D:/phpstudy_pro/WWW/videogenerate/node_modules/vite/dist/node/chunks/dep-D4NMHUTW.js:35739:27)
      at async viteTransformMiddleware (file:///D:/phpstudy_pro/WWW/videogenerate/node_modules/vite/dist/node/chunks/dep-D4NMHUTW.js:37254:24)
[2m09:58:37[22m [31m[1m[vite][22m[39m [31m[2m(client)[22m[39m Pre-transform error: Failed to resolve import "@/ui/views/ModelLibraryView.vue" from "src/renderer/src/router/index.ts". Does the file exist?
  Plugin: [35mvite:import-analysis[39m
  File: [36mD:/phpstudy_pro/WWW/videogenerate/src/renderer/src/router/index.ts[39m:22:66
[33m  19 |          { path: "home", name: "home", component: () => import("@/ui/views/HomeView.vue") },
  20 |          { path: "production", name: "production", redirect: { name: "products" } },
  21 |          { path: "models", name: "models", component: () => import("@/ui/views/ModelLibraryView.vue") },
     |                                                                    ^
  22 |          { path: "clone", name: "clone", component: () => import("@/ui/views/CloneTaskListView.vue") },
  23 |          { path: "clone/:projectId", name: "clone-project", component: () => import("@/ui/views/CloneView.vue") },[39m
[2m09:58:38[22m [31m[1m[vite][22m[39m [31mInternal server error: Failed to resolve import "@/ui/views/ModelLibraryView.vue" from "src/renderer/src/router/index.ts". Does the file exist?[39m
  Plugin: [35mvite:import-analysis[39m
  File: [36mD:/phpstudy_pro/WWW/videogenerate/src/renderer/src/router/index.ts[39m:22:66
[33m  19 |          { path: "home", name: "home", component: () => import("@/ui/views/HomeView.vue") },
  20 |          { path: "production", name: "production", redirect: { name: "products" } },
  21 |          { path: "models", name: "models", component: () => import("@/ui/views/ModelLibraryView.vue") },
     |                                                                    ^
  22 |          { path: "clone", name: "clone", component: () => import("@/ui/views/CloneTaskListView.vue") },
  23 |          { path: "clone/:projectId", name: "clone-project", component: () => import("@/ui/views/CloneView.vue") },[39m
      at TransformPluginContext._formatLog (file:///D:/phpstudy_pro/WWW/videogenerate/node_modules/vite/dist/node/chunks/dep-D4NMHUTW.js:42528:41)
      at TransformPluginContext.error (file:///D:/phpstudy_pro/WWW/videogenerate/node_modules/vite/dist/node/chunks/dep-D4NMHUTW.js:42525:16)
      at normalizeUrl (file:///D:/phpstudy_pro/WWW/videogenerate/node_modules/vite/dist/node/chunks/dep-D4NMHUTW.js:40504:23)
      at process.processTicksAndRejections (node:internal/process/task_queues:105:5)
      at async file:///D:/phpstudy_pro/WWW/videogenerate/node_modules/vite/dist/node/chunks/dep-D4NMHUTW.js:40623:37
      at async Promise.all (index 6)
      at async TransformPluginContext.transform (file:///D:/phpstudy_pro/WWW/videogenerate/node_modules/vite/dist/node/chunks/dep-D4NMHUTW.js:40550:7)
      at async EnvironmentPluginContainer.transform (file:///D:/phpstudy_pro/WWW/videogenerate/node_modules/vite/dist/node/chunks/dep-D4NMHUTW.js:42323:18)
      at async loadAndTransform (file:///D:/phpstudy_pro/WWW/videogenerate/node_modules/vite/dist/node/chunks/dep-D4NMHUTW.js:35739:27)
      at async viteTransformMiddleware (file:///D:/phpstudy_pro/WWW/videogenerate/node_modules/vite/dist/node/chunks/dep-D4NMHUTW.js:37254:24)
[2m10:00:43[22m [31m[1m[vite][22m[39m [31m[2m(client)[22m[39m Pre-transform error: Failed to resolve import "@/ui/views/ModelLibraryView.vue" from "src/renderer/src/router/index.ts". Does the file exist?
  Plugin: [35mvite:import-analysis[39m
  File: [36mD:/phpstudy_pro/WWW/videogenerate/src/renderer/src/router/index.ts[39m:22:66
[33m  19 |          { path: "home", name: "home", component: () => import("@/ui/views/HomeView.vue") },
  20 |          { path: "production", name: "production", redirect: { name: "products" } },
  21 |          { path: "models", name: "models", component: () => import("@/ui/views/ModelLibraryView.vue") },
     |                                                                    ^
  22 |          { path: "clone", name: "clone", component: () => import("@/ui/views/CloneTaskListView.vue") },
  23 |          { path: "clone/:projectId", name: "clone-project", component: () => import("@/ui/views/CloneView.vue") },[39m
[2m10:00:43[22m [31m[1m[vite][22m[39m [31mInternal server error: Failed to resolve import "@/ui/views/ModelLibraryView.vue" from "src/renderer/src/router/index.ts". Does the file exist?[39m
  Plugin: [35mvite:import-analysis[39m
  File: [36mD:/phpstudy_pro/WWW/videogenerate/src/renderer/src/router/index.ts[39m:22:66
[33m  19 |          { path: "home", name: "home", component: () => import("@/ui/views/HomeView.vue") },
  20 |          { path: "production", name: "production", redirect: { name: "products" } },
  21 |          { path: "models", name: "models", component: () => import("@/ui/views/ModelLibraryView.vue") },
     |                                                                    ^
  22 |          { path: "clone", name: "clone", component: () => import("@/ui/views/CloneTaskListView.vue") },
  23 |          { path: "clone/:projectId", name: "clone-project", component: () => import("@/ui/views/CloneView.vue") },[39m
      at TransformPluginContext._formatLog (file:///D:/phpstudy_pro/WWW/videogenerate/node_modules/vite/dist/node/chunks/dep-D4NMHUTW.js:42528:41)
      at TransformPluginContext.error (file:///D:/phpstudy_pro/WWW/videogenerate/node_modules/vite/dist/node/chunks/dep-D4NMHUTW.js:42525:16)
      at normalizeUrl (file:///D:/phpstudy_pro/WWW/videogenerate/node_modules/vite/dist/node/chunks/dep-D4NMHUTW.js:40504:23)
      at process.processTicksAndRejections (node:internal/process/task_queues:105:5)
      at async file:///D:/phpstudy_pro/WWW/videogenerate/node_modules/vite/dist/node/chunks/dep-D4NMHUTW.js:40623:37
      at async Promise.all (index 6)
      at async TransformPluginContext.transform (file:///D:/phpstudy_pro/WWW/videogenerate/node_modules/vite/dist/node/chunks/dep-D4NMHUTW.js:40550:7)
      at async EnvironmentPluginContainer.transform (file:///D:/phpstudy_pro/WWW/videogenerate/node_modules/vite/dist/node/chunks/dep-D4NMHUTW.js:42323:18)
      at async loadAndTransform (file:///D:/phpstudy_pro/WWW/videogenerate/node_modules/vite/dist/node/chunks/dep-D4NMHUTW.js:35739:27)
      at async viteTransformMiddleware (file:///D:/phpstudy_pro/WWW/videogenerate/node_modules/vite/dist/node/chunks/dep-D4NMHUTW.js:37254:24)
[2m10:00:44[22m [31m[1m[vite][22m[39m [31m[2m(client)[22m[39m Pre-transform error: Failed to resolve import "@/ui/views/ModelLibraryView.vue" from "src/renderer/src/router/index.ts". Does the file exist?
  Plugin: [35mvite:import-analysis[39m
  File: [36mD:/phpstudy_pro/WWW/videogenerate/src/renderer/src/router/index.ts[39m:22:66
[33m  19 |          { path: "home", name: "home", component: () => import("@/ui/views/HomeView.vue") },
  20 |          { path: "production", name: "production", redirect: { name: "products" } },
  21 |          { path: "models", name: "models", component: () => import("@/ui/views/ModelLibraryView.vue") },
     |                                                                    ^
  22 |          { path: "clone", name: "clone", component: () => import("@/ui/views/CloneTaskListView.vue") },
  23 |          { path: "clone/:projectId", name: "clone-project", component: () => import("@/ui/views/CloneView.vue") },[39m
[2m10:00:44[22m [31m[1m[vite][22m[39m [31mInternal server error: Failed to resolve import "@/ui/views/ModelLibraryView.vue" from "src/renderer/src/router/index.ts". Does the file exist?[39m
  Plugin: [35mvite:import-analysis[39m
  File: [36mD:/phpstudy_pro/WWW/videogenerate/src/renderer/src/router/index.ts[39m:22:66
[33m  19 |          { path: "home", name: "home", component: () => import("@/ui/views/HomeView.vue") },
  20 |          { path: "production", name: "production", redirect: { name: "products" } },
  21 |          { path: "models", name: "models", component: () => import("@/ui/views/ModelLibraryView.vue") },
     |                                                                    ^
  22 |          { path: "clone", name: "clone", component: () => import("@/ui/views/CloneTaskListView.vue") },
  23 |          { path: "clone/:projectId", name: "clone-project", component: () => import("@/ui/views/CloneView.vue") },[39m
      at TransformPluginContext._formatLog (file:///D:/phpstudy_pro/WWW/videogenerate/node_modules/vite/dist/node/chunks/dep-D4NMHUTW.js:42528:41)
      at TransformPluginContext.error (file:///D:/phpstudy_pro/WWW/videogenerate/node_modules/vite/dist/node/chunks/dep-D4NMHUTW.js:42525:16)
      at normalizeUrl (file:///D:/phpstudy_pro/WWW/videogenerate/node_modules/vite/dist/node/chunks/dep-D4NMHUTW.js:40504:23)
      at process.processTicksAndRejections (node:internal/process/task_queues:105:5)
      at async file:///D:/phpstudy_pro/WWW/videogenerate/node_modules/vite/dist/node/chunks/dep-D4NMHUTW.js:40623:37
      at async Promise.all (index 6)
      at async TransformPluginContext.transform (file:///D:/phpstudy_pro/WWW/videogenerate/node_modules/vite/dist/node/chunks/dep-D4NMHUTW.js:40550:7)
      at async EnvironmentPluginContainer.transform (file:///D:/phpstudy_pro/WWW/videogenerate/node_modules/vite/dist/node/chunks/dep-D4NMHUTW.js:42323:18)
      at async loadAndTransform (file:///D:/phpstudy_pro/WWW/videogenerate/node_modules/vite/dist/node/chunks/dep-D4NMHUTW.js:35739:27)
      at async viteTransformMiddleware (file:///D:/phpstudy_pro/WWW/videogenerate/node_modules/vite/dist/node/chunks/dep-D4NMHUTW.js:37254:24)
[2m10:00:45[22m [31m[1m[vite][22m[39m [31m[2m(client)[22m[39m Pre-transform error: Failed to resolve import "@/ui/views/ModelLibraryView.vue" from "src/renderer/src/router/index.ts". Does the file exist?
  Plugin: [35mvite:import-analysis[39m
  File: [36mD:/phpstudy_pro/WWW/videogenerate/src/renderer/src/router/index.ts[39m:22:66
[33m  19 |          { path: "home", name: "home", component: () => import("@/ui/views/HomeView.vue") },
  20 |          { path: "production", name: "production", redirect: { name: "products" } },
  21 |          { path: "models", name: "models", component: () => import("@/ui/views/ModelLibraryView.vue") },
     |                                                                    ^
  22 |          { path: "clone", name: "clone", component: () => import("@/ui/views/CloneTaskListView.vue") },
  23 |          { path: "clone/:projectId", name: "clone-project", component: () => import("@/ui/views/CloneView.vue") },[39m
[2m10:00:45[22m [31m[1m[vite][22m[39m [31mInternal server error: Failed to resolve import "@/ui/views/ModelLibraryView.vue" from "src/renderer/src/router/index.ts". Does the file exist?[39m
  Plugin: [35mvite:import-analysis[39m
  File: [36mD:/phpstudy_pro/WWW/videogenerate/src/renderer/src/router/index.ts[39m:22:66
[33m  19 |          { path: "home", name: "home", component: () => import("@/ui/views/HomeView.vue") },
  20 |          { path: "production", name: "production", redirect: { name: "products" } },
  21 |          { path: "models", name: "models", component: () => import("@/ui/views/ModelLibraryView.vue") },
     |                                                                    ^
  22 |          { path: "clone", name: "clone", component: () => import("@/ui/views/CloneTaskListView.vue") },
  23 |          { path: "clone/:projectId", name: "clone-project", component: () => import("@/ui/views/CloneView.vue") },[39m
      at TransformPluginContext._formatLog (file:///D:/phpstudy_pro/WWW/videogenerate/node_modules/vite/dist/node/chunks/dep-D4NMHUTW.js:42528:41)
      at TransformPluginContext.error (file:///D:/phpstudy_pro/WWW/videogenerate/node_modules/vite/dist/node/chunks/dep-D4NMHUTW.js:42525:16)
      at normalizeUrl (file:///D:/phpstudy_pro/WWW/videogenerate/node_modules/vite/dist/node/chunks/dep-D4NMHUTW.js:40504:23)
      at process.processTicksAndRejections (node:internal/process/task_queues:105:5)
      at async file:///D:/phpstudy_pro/WWW/videogenerate/node_modules/vite/dist/node/chunks/dep-D4NMHUTW.js:40623:37
      at async Promise.all (index 6)
      at async TransformPluginContext.transform (file:///D:/phpstudy_pro/WWW/videogenerate/node_modules/vite/dist/node/chunks/dep-D4NMHUTW.js:40550:7)
      at async EnvironmentPluginContainer.transform (file:///D:/phpstudy_pro/WWW/videogenerate/node_modules/vite/dist/node/chunks/dep-D4NMHUTW.js:42323:18)
      at async loadAndTransform (file:///D:/phpstudy_pro/WWW/videogenerate/node_modules/vite/dist/node/chunks/dep-D4NMHUTW.js:35739:27)
      at async viteTransformMiddleware (file:///D:/phpstudy_pro/WWW/videogenerate/node_modules/vite/dist/node/chunks/dep-D4NMHUTW.js:37254:24)
